// Vitest Snapshot v1, https://vitest.dev/guide/snapshot.html

exports[`T6 — 2000 historical path > matches the recorded snapshot 1`] = `
[
  {
    "cut": false,
    "portfolioReal": 1295164,
    "refilled": true,
    "skipped": false,
    "year": 2000,
  },
  {
    "cut": false,
    "portfolioReal": 1108035,
    "refilled": true,
    "skipped": false,
    "year": 2001,
  },
  {
    "cut": false,
    "portfolioReal": 856593,
    "refilled": false,
    "skipped": true,
    "year": 2002,
  },
  {
    "cut": true,
    "portfolioReal": 968003,
    "refilled": true,
    "skipped": false,
    "year": 2003,
  },
  {
    "cut": false,
    "portfolioReal": 970808,
    "refilled": true,
    "skipped": false,
    "year": 2004,
  },
  {
    "cut": false,
    "portfolioReal": 931317,
    "refilled": true,
    "skipped": false,
    "year": 2005,
  },
  {
    "cut": true,
    "portfolioReal": 971290,
    "refilled": true,
    "skipped": false,
    "year": 2006,
  },
  {
    "cut": false,
    "portfolioReal": 935024,
    "refilled": true,
    "skipped": false,
    "year": 2007,
  },
  {
    "cut": false,
    "portfolioReal": 633158,
    "refilled": false,
    "skipped": true,
    "year": 2008,
  },
  {
    "cut": true,
    "portfolioReal": 692384,
    "refilled": true,
    "skipped": false,
    "year": 2009,
  },
  {
    "cut": true,
    "portfolioReal": 720334,
    "refilled": true,
    "skipped": false,
    "year": 2010,
  },
  {
    "cut": false,
    "portfolioReal": 679842,
    "refilled": true,
    "skipped": false,
    "year": 2011,
  },
  {
    "cut": true,
    "portfolioReal": 715763,
    "refilled": true,
    "skipped": false,
    "year": 2012,
  },
  {
    "cut": false,
    "portfolioReal": 853221,
    "refilled": true,
    "skipped": false,
    "year": 2013,
  },
  {
    "cut": false,
    "portfolioReal": 911916,
    "refilled": true,
    "skipped": false,
    "year": 2014,
  },
  {
    "cut": false,
    "portfolioReal": 887721,
    "refilled": true,
    "skipped": false,
    "year": 2015,
  },
  {
    "cut": false,
    "portfolioReal": 926466,
    "refilled": true,
    "skipped": false,
    "year": 2016,
  },
  {
    "cut": false,
    "portfolioReal": 1042611,
    "refilled": true,
    "skipped": false,
    "year": 2017,
  },
  {
    "cut": false,
    "portfolioReal": 957660,
    "refilled": true,
    "skipped": false,
    "year": 2018,
  },
  {
    "cut": false,
    "portfolioReal": 1145540,
    "refilled": true,
    "skipped": false,
    "year": 2019,
  },
  {
    "cut": false,
    "portfolioReal": 1274616,
    "refilled": true,
    "skipped": false,
    "year": 2020,
  },
  {
    "cut": false,
    "portfolioReal": 1447716,
    "refilled": true,
    "skipped": false,
    "year": 2021,
  },
  {
    "cut": false,
    "portfolioReal": 1115070,
    "refilled": false,
    "skipped": true,
    "year": 2022,
  },
  {
    "cut": false,
    "portfolioReal": 1277716,
    "refilled": true,
    "skipped": false,
    "year": 2023,
  },
  {
    "cut": false,
    "portfolioReal": 1457584,
    "refilled": true,
    "skipped": false,
    "year": 2024,
  },
  {
    "cut": false,
    "portfolioReal": 1556683,
    "refilled": true,
    "skipped": false,
    "year": 2025,
  },
]
`;
