// Vitest Snapshot v1, https://vitest.dev/guide/snapshot.html

exports[`T6 — 2000 historical path > matches the recorded snapshot 1`] = `
[
  {
    "cut": false,
    "portfolioReal": 1297485,
    "refilled": true,
    "skipped": false,
    "year": 2000,
  },
  {
    "cut": false,
    "portfolioReal": 1112332,
    "refilled": true,
    "skipped": false,
    "year": 2001,
  },
  {
    "cut": false,
    "portfolioReal": 862094,
    "refilled": false,
    "skipped": true,
    "year": 2002,
  },
  {
    "cut": true,
    "portfolioReal": 976138,
    "refilled": true,
    "skipped": false,
    "year": 2003,
  },
  {
    "cut": false,
    "portfolioReal": 981484,
    "refilled": true,
    "skipped": false,
    "year": 2004,
  },
  {
    "cut": false,
    "portfolioReal": 944091,
    "refilled": true,
    "skipped": false,
    "year": 2005,
  },
  {
    "cut": true,
    "portfolioReal": 987678,
    "refilled": true,
    "skipped": false,
    "year": 2006,
  },
  {
    "cut": false,
    "portfolioReal": 953367,
    "refilled": true,
    "skipped": false,
    "year": 2007,
  },
  {
    "cut": false,
    "portfolioReal": 646508,
    "refilled": false,
    "skipped": true,
    "year": 2008,
  },
  {
    "cut": true,
    "portfolioReal": 709817,
    "refilled": true,
    "skipped": false,
    "year": 2009,
  },
  {
    "cut": true,
    "portfolioReal": 741696,
    "refilled": true,
    "skipped": false,
    "year": 2010,
  },
  {
    "cut": false,
    "portfolioReal": 702439,
    "refilled": true,
    "skipped": false,
    "year": 2011,
  },
  {
    "cut": true,
    "portfolioReal": 742976,
    "refilled": true,
    "skipped": false,
    "year": 2012,
  },
  {
    "cut": false,
    "portfolioReal": 890012,
    "refilled": true,
    "skipped": false,
    "year": 2013,
  },
  {
    "cut": false,
    "portfolioReal": 954717,
    "refilled": true,
    "skipped": false,
    "year": 2014,
  },
  {
    "cut": false,
    "portfolioReal": 932118,
    "refilled": true,
    "skipped": false,
    "year": 2015,
  },
  {
    "cut": false,
    "portfolioReal": 971362,
    "refilled": true,
    "skipped": false,
    "year": 2016,
  },
  {
    "cut": false,
    "portfolioReal": 1090628,
    "refilled": true,
    "skipped": false,
    "year": 2017,
  },
  {
    "cut": false,
    "portfolioReal": 1001853,
    "refilled": true,
    "skipped": false,
    "year": 2018,
  },
  {
    "cut": false,
    "portfolioReal": 1194416,
    "refilled": true,
    "skipped": false,
    "year": 2019,
  },
  {
    "cut": false,
    "portfolioReal": 1326261,
    "refilled": true,
    "skipped": false,
    "year": 2020,
  },
  {
    "cut": false,
    "portfolioReal": 1501993,
    "refilled": true,
    "skipped": false,
    "year": 2021,
  },
  {
    "cut": false,
    "portfolioReal": 1158864,
    "refilled": false,
    "skipped": true,
    "year": 2022,
  },
  {
    "cut": false,
    "portfolioReal": 1322813,
    "refilled": true,
    "skipped": false,
    "year": 2023,
  },
  {
    "cut": false,
    "portfolioReal": 1503838,
    "refilled": true,
    "skipped": false,
    "year": 2024,
  },
  {
    "cut": false,
    "portfolioReal": 1602338,
    "refilled": true,
    "skipped": false,
    "year": 2025,
  },
]
`;
